scripts/verify_path_consistency.py:45: error: Need type annotation for "paths"  [var-annotated]
scripts/verify_path_consistency.py:80: note: By default the bodies of untyped functions are not checked, consider using --check-untyped-defs  [annotation-unchecked]
scripts/check_spec_trace.py:49: error: X | Y syntax for unions requires Python 3.10  [syntax]
gap_detector/scanner.py:69: error: Need type annotation for "items" (hint: "items: list[<type>] = ...")  [var-annotated]
gap_detector/scanner.py:113: error: Need type annotation for "_errors" (hint: "_errors: list[<type>] = ...")  [var-annotated]
gap_detector/parser.py:74: error: Need type annotation for "_errors" (hint: "_errors: list[<type>] = ...")  [var-annotated]
enforcement/constitution_as_code.py:62: note: By default the bodies of untyped functions are not checked, consider using --check-untyped-defs  [annotation-unchecked]
scripts/spec_logic_checker.py:219: error: Incompatible return value type (got "dict[str, dict[str, Union[str, Any]]]", expected "dict[str, str]")  [return-value]
scripts/spec_logic_checker.py:245: error: Invalid index type "str" for "str"; expected type "Union[SupportsIndex, slice[Any, Any, Any]]"  [index]
harness/issue_tracker_ext.py:11: note: By default the bodies of untyped functions are not checked, consider using --check-untyped-defs  [annotation-unchecked]
harness/issue_tracker_ext.py:38: note: By default the bodies of untyped functions are not checked, consider using --check-untyped-defs  [annotation-unchecked]
harness/issue_tracker_ext.py:39: note: By default the bodies of untyped functions are not checked, consider using --check-untyped-defs  [annotation-unchecked]
gap_detector/detector.py:24: error: Incompatible types in assignment (expression has type "list[int]", variable has type "range")  [assignment]
gap_detector/detector.py:67: error: Need type annotation for "_gaps" (hint: "_gaps: list[<type>] = ...")  [var-annotated]
gap_detector/detector.py:68: error: Need type annotation for "_matches" (hint: "_matches: list[<type>] = ...")  [var-annotated]
steering/steering_loop.py:247: error: Argument 1 to "score" of "LLMJudgeScorer" has incompatible type "Union[dict[str, Any], str]"; expected "dict[str, Any]"  [arg-type]
steering/steering_loop.py:247: error: Argument 2 to "score" of "LLMJudgeScorer" has incompatible type "Union[dict[str, Any], str]"; expected "dict[str, Any]"  [arg-type]
steering/steering_loop.py:266: error: Argument "output" to "ScoredOutput" has incompatible type "Union[dict[str, Any], str]"; expected "dict[str, Any]"  [arg-type]
steering/steering_loop.py:274: error: Argument 1 to "generate_feedback" of "LLMJudgeScorer" has incompatible type "Union[dict[str, Any], str]"; expected "dict[str, Any]"  [arg-type]
steering/steering_loop.py:274: error: Argument 2 to "generate_feedback" of "LLMJudgeScorer" has incompatible type "Union[dict[str, Any], str]"; expected "dict[str, Any]"  [arg-type]
steering/steering_loop.py:417: error: Incompatible default for argument "max_rounds" (default has type "None", argument has type "int")  [assignment]
steering/steering_loop.py:417: note: PEP 484 prohibits implicit Optional. Accordingly, mypy has changed its default to no_implicit_optional=True
steering/steering_loop.py:417: note: Use https://github.com/hauntsaninja/no_implicit_optional to automatically upgrade your codebase
scripts/verify_spec_compliance.py:25: error: Need type annotation for "issues" (hint: "issues: list[<type>] = ...")  [var-annotated]
scripts/verify_spec_compliance.py:26: error: Need type annotation for "passed" (hint: "passed: list[<type>] = ...")  [var-annotated]
scripts/generate_fr_mapping.py:57: error: Need type annotation for "fr_files"  [var-annotated]
scripts/dev_log_checker.py:156: error: Need type annotation for "warnings" (hint: "warnings: list[<type>] = ...")  [var-annotated]
scripts/dev_log_checker.py:322: error: Item "None" of "Optional[Match[str]]" has no attribute "group"  [union-attr]
scripts/check_fr_full.py:100: error: Incompatible default for argument "cwd" (default has type "None", argument has type "str")  [assignment]
scripts/check_fr_full.py:100: note: PEP 484 prohibits implicit Optional. Accordingly, mypy has changed its default to no_implicit_optional=True
scripts/check_fr_full.py:100: note: Use https://github.com/hauntsaninja/no_implicit_optional to automatically upgrade your codebase
core/subagent_isolator.py:105: error: Incompatible default for argument "project_root" (default has type "None", argument has type "str")  [assignment]
core/subagent_isolator.py:105: note: PEP 484 prohibits implicit Optional. Accordingly, mypy has changed its default to no_implicit_optional=True
core/subagent_isolator.py:105: note: Use https://github.com/hauntsaninja/no_implicit_optional to automatically upgrade your codebase
harness/reviewer_router.py:495: error: Item "None" of "Optional[Match[str]]" has no attribute "group"  [union-attr]
core/agent_spawner.py:122: error: Function "builtins.any" is not valid as a type  [valid-type]
core/agent_spawner.py:122: note: Perhaps you meant "typing.Any" instead of "any"?
scripts/phase_auditor.py:408: error: Argument "phase_name" to "AuditResult" has incompatible type "object"; expected "str"  [arg-type]
scripts/phase_auditor.py:974: error: "object" has no attribute "__iter__"; maybe "__dir__" or "__str__"? (not iterable)  [attr-defined]
scripts/generate_full_plan.py:555: error: Incompatible default for argument "output_path" (default has type "None", argument has type "Path")  [assignment]
scripts/generate_full_plan.py:555: note: PEP 484 prohibits implicit Optional. Accordingly, mypy has changed its default to no_implicit_optional=True
scripts/generate_full_plan.py:555: note: Use https://github.com/hauntsaninja/no_implicit_optional to automatically upgrade your codebase
scripts/generate_full_plan.py:566: error: Argument 2 to "generate_phase1_tasks" has incompatible type "Optional[Path]"; expected "Path"  [arg-type]
scripts/generate_full_plan.py:567: error: Argument 2 to "generate_phase2_tasks" has incompatible type "Optional[Path]"; expected "Path"  [arg-type]
scripts/generate_full_plan.py:568: error: Argument 2 to "generate_phase3_tasks" has incompatible type "Optional[Path]"; expected "Path"  [arg-type]
scripts/generate_full_plan.py:569: error: Argument 2 to "generate_phase4_tasks" has incompatible type "Optional[Path]"; expected "Path"  [arg-type]
quality_dashboard/auto_research_loop.py:469: error: Unsupported operand types for >= ("list[dict[Any, Any]]" and "int")  [operator]
quality_dashboard/auto_research_loop.py:469: note: Left operand is of type "Union[list[dict[Any, Any]], Any, int, bool]"
quality_dashboard/agent_auto_research.py:245: error: "AgentDrivenAutoResearch" has no attribute "iteration_records"  [attr-defined]
quality_dashboard/agent_auto_research.py:294: error: "AgentDrivenAutoResearch" has no attribute "dashboard_reports"  [attr-defined]
quality_dashboard/agent_auto_research.py:344: error: Incompatible default for argument "cwd" (default has type "None", argument has type "Path")  [assignment]
quality_dashboard/agent_auto_research.py:344: note: PEP 484 prohibits implicit Optional. Accordingly, mypy has changed its default to no_implicit_optional=True
quality_dashboard/agent_auto_research.py:344: note: Use https://github.com/hauntsaninja/no_implicit_optional to automatically upgrade your codebase
quality_dashboard/agent_auto_research.py:544: error: Argument 1 to "join" of "str" has incompatible type "object"; expected "Iterable[str]"  [arg-type]
quality_dashboard/agent_auto_research.py:573: error: Unsupported operand types for >= ("float" and "object")  [operator]
quality_dashboard/agent_auto_research.py:694: error: Incompatible return value type (got "dict[str, int]", expected "dict[str, float]")  [return-value]
quality_dashboard/agent_auto_research.py:694: note: "dict" is invariant -- see https://mypy.readthedocs.io/en/stable/common_issues.html#variance
quality_dashboard/agent_auto_research.py:694: note: Consider using "Mapping" instead, which is covariant in the value type
quality_dashboard/agent_auto_research.py:694: note: Perhaps you need a type annotation for "scores"? Suggestion: "dict[str, float]"
harness/decision_log.py:11: error: Library stubs not installed for "yaml"  [import-untyped]
harness/decision_log.py:11: note: Hint: "python3 -m pip install types-PyYAML"
harness/decision_log.py:11: note: (or run "mypy --install-types" to install all missing stub packages)
harness/decision_log.py:11: note: See https://mypy.readthedocs.io/en/stable/running_mypy.html#missing-imports
enforcement/policy_engine.py:70: note: By default the bodies of untyped functions are not checked, consider using --check-untyped-defs  [annotation-unchecked]
enforcement/policy_engine.py:71: note: By default the bodies of untyped functions are not checked, consider using --check-untyped-defs  [annotation-unchecked]
enforcement/policy_engine.py:361: error: Incompatible default for argument "results" (default has type "None", argument has type "list[PolicyResult]")  [assignment]
enforcement/policy_engine.py:361: note: PEP 484 prohibits implicit Optional. Accordingly, mypy has changed its default to no_implicit_optional=True
enforcement/policy_engine.py:361: note: Use https://github.com/hauntsaninja/no_implicit_optional to automatically upgrade your codebase
core/verification_gate.py:22: error: Incompatible default for argument "required_output" (default has type "None", argument has type "str")  [assignment]
core/verification_gate.py:22: note: PEP 484 prohibits implicit Optional. Accordingly, mypy has changed its default to no_implicit_optional=True
core/verification_gate.py:22: note: Use https://github.com/hauntsaninja/no_implicit_optional to automatically upgrade your codebase
core/verification_gate.py:23: error: Incompatible default for argument "validator" (default has type "None", argument has type "Callable[..., Any]")  [assignment]
core/verification_gate.py:23: note: PEP 484 prohibits implicit Optional. Accordingly, mypy has changed its default to no_implicit_optional=True
core/verification_gate.py:23: note: Use https://github.com/hauntsaninja/no_implicit_optional to automatically upgrade your codebase
core/verification_gate.py:38: error: Function "validator" could always be true in boolean context  [truthy-function]
core/verification_gate.py:60: error: Incompatible default for argument "reason" (default has type "None", argument has type "str")  [assignment]
core/verification_gate.py:60: note: PEP 484 prohibits implicit Optional. Accordingly, mypy has changed its default to no_implicit_optional=True
core/verification_gate.py:60: note: Use https://github.com/hauntsaninja/no_implicit_optional to automatically upgrade your codebase
core/verification_gate.py:84: note: By default the bodies of untyped functions are not checked, consider using --check-untyped-defs  [annotation-unchecked]
core/verification_gate.py:85: note: By default the bodies of untyped functions are not checked, consider using --check-untyped-defs  [annotation-unchecked]
core/verification_gate.py:90: error: Incompatible default for argument "gate_ids" (default has type "None", argument has type "list[str]")  [assignment]
core/verification_gate.py:90: note: PEP 484 prohibits implicit Optional. Accordingly, mypy has changed its default to no_implicit_optional=True
core/verification_gate.py:90: note: Use https://github.com/hauntsaninja/no_implicit_optional to automatically upgrade your codebase
core/verification_gate.py:97: error: Argument "name" to "Gate" has incompatible type "object"; expected "str"  [arg-type]
core/verification_gate.py:98: error: Argument "required_output" to "Gate" has incompatible type "object"; expected "str"  [arg-type]
core/verification_gate.py:99: error: Argument "auto_pass" to "Gate" has incompatible type "object"; expected "bool"  [arg-type]
core/task_splitter.py:48: note: By default the bodies of untyped functions are not checked, consider using --check-untyped-defs  [annotation-unchecked]
core/sessions_spawn_logger.py:54: error: Incompatible types in assignment (expression has type "int", target has type "str")  [assignment]
core/sessions_spawn_logger.py:92: error: Need type annotation for "role_counts" (hint: "role_counts: dict[<type>, <type>] = ...")  [var-annotated]
core/requirement_traceability.py:131: error: Incompatible default for argument "srs_section" (default has type "None", argument has type "str")  [assignment]
core/requirement_traceability.py:131: note: PEP 484 prohibits implicit Optional. Accordingly, mypy has changed its default to no_implicit_optional=True
core/requirement_traceability.py:131: note: Use https://github.com/hauntsaninja/no_implicit_optional to automatically upgrade your codebase
core/requirement_traceability.py:131: error: Incompatible default for argument "metadata" (default has type "None", argument has type "dict[Any, Any]")  [assignment]
core/phase_hooks.py:35: error: Incompatible default for argument "phase" (default has type "None", argument has type "int")  [assignment]
core/phase_hooks.py:35: note: PEP 484 prohibits implicit Optional. Accordingly, mypy has changed its default to no_implicit_optional=True
core/phase_hooks.py:35: note: Use https://github.com/hauntsaninja/no_implicit_optional to automatically upgrade your codebase
steering/integrations.py:111: error: Need type annotation for "warnings" (hint: "warnings: list[<type>] = ...")  [var-annotated]
steering/integrations.py:230: error: Incompatible types in assignment (expression has type "float", target has type "int")  [assignment]
steering/integrations.py:238: error: Argument "metrics" to "IntegrationResult" has incompatible type "dict[str, int]"; expected "dict[str, float]"  [arg-type]
steering/integrations.py:238: note: "dict" is invariant -- see https://mypy.readthedocs.io/en/stable/common_issues.html#variance
steering/integrations.py:238: note: Consider using "Mapping" instead, which is covariant in the value type
steering/integrations.py:453: error: Incompatible types in assignment (expression has type "SteeringBVSIntegrator", variable has type "None")  [assignment]
steering/integrations.py:456: error: Incompatible return value type (got "None", expected "SteeringBVSIntegrator")  [return-value]
steering/integrations.py:494: error: Incompatible types in assignment (expression has type "SteeringConstitutionIntegrator", variable has type "None")  [assignment]
steering/integrations.py:498: error: "None" has no attribute "check_output_compliance"  [attr-defined]
steering/integrations.py:512: error: Incompatible types in assignment (expression has type "SteeringCQGIntegrator", variable has type "None")  [assignment]
steering/integrations.py:514: error: "None" has no attribute "measure_code_quality"  [attr-defined]
enforcement/constitution_policy_sync.py:44: note: By default the bodies of untyped functions are not checked, consider using --check-untyped-defs  [annotation-unchecked]
enforcement/constitution_policy_sync.py:117: error: Unsupported left operand type for + ("None")  [operator]
enforcement/constitution_policy_sync.py:117: note: Left operand is of type "Union[str, Any, None]"
enforcement/constitution_policy_sync.py:168: error: Incompatible default for argument "constitution_path" (default has type "None", argument has type "str")  [assignment]
enforcement/constitution_policy_sync.py:168: note: PEP 484 prohibits implicit Optional. Accordingly, mypy has changed its default to no_implicit_optional=True
enforcement/constitution_policy_sync.py:168: note: Use https://github.com/hauntsaninja/no_implicit_optional to automatically upgrade your codebase
enforcement/constitution_policy_sync.py:188: error: Incompatible default for argument "engine" (default has type "None", argument has type "PolicyEngine")  [assignment]
enforcement/constitution_policy_sync.py:188: note: PEP 484 prohibits implicit Optional. Accordingly, mypy has changed its default to no_implicit_optional=True
enforcement/constitution_policy_sync.py:188: note: Use https://github.com/hauntsaninja/no_implicit_optional to automatically upgrade your codebase
core/adapters/phase_hooks_adapter.py:52: error: Incompatible default for argument "phase" (default has type "None", argument has type "int")  [assignment]
core/adapters/phase_hooks_adapter.py:52: note: PEP 484 prohibits implicit Optional. Accordingly, mypy has changed its default to no_implicit_optional=True
core/adapters/phase_hooks_adapter.py:52: note: Use https://github.com/hauntsaninja/no_implicit_optional to automatically upgrade your codebase
core/adapters/phase_hooks_adapter.py:97: error: Incompatible default for argument "result" (default has type "None", argument has type "dict[str, Any]")  [assignment]
core/adapters/phase_hooks_adapter.py:97: note: PEP 484 prohibits implicit Optional. Accordingly, mypy has changed its default to no_implicit_optional=True
core/adapters/phase_hooks_adapter.py:97: note: Use https://github.com/hauntsaninja/no_implicit_optional to automatically upgrade your codebase
core/adapters/phase_hooks_adapter.py:116: error: Incompatible default for argument "result" (default has type "None", argument has type "dict[str, Any]")  [assignment]
core/adapters/phase_hooks_adapter.py:116: note: PEP 484 prohibits implicit Optional. Accordingly, mypy has changed its default to no_implicit_optional=True
core/adapters/phase_hooks_adapter.py:116: note: Use https://github.com/hauntsaninja/no_implicit_optional to automatically upgrade your codebase
core/quality_gate/spec_tracking_checker.py:57: error: Need type annotation for "errors" (hint: "errors: list[<type>] = ...")  [var-annotated]
core/quality_gate/ab_enforcer.py:171: error: Need type annotation for "dialogue_examples" (hint: "dialogue_examples: list[<type>] = ...")  [var-annotated]
enforcement/agent_proof_hook.py:65: error: Incompatible default for argument "project_root" (default has type "None", argument has type "str")  [assignment]
enforcement/agent_proof_hook.py:65: note: PEP 484 prohibits implicit Optional. Accordingly, mypy has changed its default to no_implicit_optional=True
enforcement/agent_proof_hook.py:65: note: Use https://github.com/hauntsaninja/no_implicit_optional to automatically upgrade your codebase
quality_dashboard/dashboard.py:49: error: Incompatible default for argument "cwd" (default has type "None", argument has type "str")  [assignment]
quality_dashboard/dashboard.py:49: note: PEP 484 prohibits implicit Optional. Accordingly, mypy has changed its default to no_implicit_optional=True
quality_dashboard/dashboard.py:49: note: Use https://github.com/hauntsaninja/no_implicit_optional to automatically upgrade your codebase
quality_dashboard/dashboard.py:95: error: Incompatible types in assignment (expression has type "float", variable has type "int")  [assignment]
quality_dashboard/dashboard.py:276: error: "object" has no attribute "name"  [attr-defined]
quality_dashboard/dashboard.py:278: error: "object" has no attribute "evaluate"  [attr-defined]
quality_dashboard/dashboard.py:280: error: "object" has no attribute "name"  [attr-defined]
quality_dashboard/dashboard.py:280: error: "object" has no attribute "weight"  [attr-defined]
quality_dashboard/dashboard.py:280: error: "object" has no attribute "tool_driven"  [attr-defined]
quality_dashboard/dashboard.py:280: error: "object" has no attribute "tool_name"  [attr-defined]
quality_dashboard/dashboard.py:305: error: Need type annotation for "hotspots" (hint: "hotspots: dict[<type>, <type>] = ...")  [var-annotated]
harness/harness_bridge.py:160: error: Library stubs not installed for "yaml"  [import-untyped]
enforcement/framework_enforcer.py:32: note: By default the bodies of untyped functions are not checked, consider using --check-untyped-defs  [annotation-unchecked]
enforcement/framework_enforcer.py:33: note: By default the bodies of untyped functions are not checked, consider using --check-untyped-defs  [annotation-unchecked]
enforcement/framework_enforcer.py:35: note: By default the bodies of untyped functions are not checked, consider using --check-untyped-defs  [annotation-unchecked]
enforcement/framework_enforcer.py:36: note: By default the bodies of untyped functions are not checked, consider using --check-untyped-defs  [annotation-unchecked]
enforcement/framework_enforcer.py:38: error: Incompatible default for argument "fix" (default has type "None", argument has type "str")  [assignment]
enforcement/framework_enforcer.py:38: note: PEP 484 prohibits implicit Optional. Accordingly, mypy has changed its default to no_implicit_optional=True
enforcement/framework_enforcer.py:38: note: Use https://github.com/hauntsaninja/no_implicit_optional to automatically upgrade your codebase
enforcement/framework_enforcer.py:41: error: Incompatible default for argument "fix" (default has type "None", argument has type "str")  [assignment]
enforcement/framework_enforcer.py:41: note: PEP 484 prohibits implicit Optional. Accordingly, mypy has changed its default to no_implicit_optional=True
enforcement/framework_enforcer.py:41: note: Use https://github.com/hauntsaninja/no_implicit_optional to automatically upgrade your codebase
enforcement/framework_enforcer.py:82: error: Incompatible default for argument "project_root" (default has type "None", argument has type "str")  [assignment]
enforcement/framework_enforcer.py:82: note: PEP 484 prohibits implicit Optional. Accordingly, mypy has changed its default to no_implicit_optional=True
enforcement/framework_enforcer.py:82: note: Use https://github.com/hauntsaninja/no_implicit_optional to automatically upgrade your codebase
enforcement/framework_enforcer.py:206: error: Need type annotation for "verified" (hint: "verified: list[<type>] = ...")  [var-annotated]
enforcement/framework_enforcer.py:207: error: Need type annotation for "missing" (hint: "missing: list[<type>] = ...")  [var-annotated]
core/quality_gate/stage_pass_generator.py:101: error: Unsupported target for indexed assignment ("object")  [index]
core/quality_gate/stage_pass_generator.py:112: error: Unsupported target for indexed assignment ("object")  [index]
core/quality_gate/stage_pass_generator.py:223: error: Incompatible types in assignment (expression has type "str", target has type "bool")  [assignment]
core/quality_gate/stage_pass_generator.py:224: error: Incompatible types in assignment (expression has type "str", target has type "bool")  [assignment]
core/quality_gate/stage_pass_generator.py:232: error: Incompatible types in assignment (expression has type "str", target has type "bool")  [assignment]
core/quality_gate/stage_pass_generator.py:246: error: Incompatible types in assignment (expression has type "str", target has type "bool")  [assignment]
core/quality_gate/stage_pass_generator.py:248: error: Incompatible types in assignment (expression has type "str", target has type "bool")  [assignment]
core/quality_gate/stage_pass_generator.py:267: error: "object" has no attribute "get"  [attr-defined]
core/quality_gate/stage_pass_generator.py:274: error: "object" has no attribute "get"  [attr-defined]
core/quality_gate/stage_pass_generator.py:281: error: "object" has no attribute "get"  [attr-defined]
core/quality_gate/stage_pass_generator.py:289: error: "object" has no attribute "get"  [attr-defined]
core/quality_gate/stage_pass_generator.py:311: error: Unsupported operand types for <= ("int" and "object")  [operator]
core/quality_gate/stage_pass_generator.py:313: error: Unsupported operand types for <= ("int" and "object")  [operator]
core/quality_gate/stage_pass_generator.py:315: error: Unsupported operand types for <= ("int" and "object")  [operator]
core/quality_gate/stage_pass_generator.py:320: error: "object" has no attribute "get"  [attr-defined]
core/quality_gate/stage_pass_generator.py:325: error: "object" has no attribute "get"  [attr-defined]
core/quality_gate/stage_pass_generator.py:333: error: "object" has no attribute "get"  [attr-defined]
core/quality_gate/stage_pass_generator.py:334: error: "object" has no attribute "get"  [attr-defined]
core/quality_gate/stage_pass_generator.py:392: error: "object" has no attribute "get"  [attr-defined]
core/quality_gate/stage_pass_generator.py:393: error: "object" has no attribute "get"  [attr-defined]
core/quality_gate/stage_pass_generator.py:463: error: "object" has no attribute "get"  [attr-defined]
core/quality_gate/stage_pass_generator.py:464: error: "object" has no attribute "get"  [attr-defined]
core/quality_gate/stage_pass_generator.py:465: error: "object" has no attribute "get"  [attr-defined]
core/quality_gate/stage_pass_generator.py:468: error: Value of type "object" is not indexable  [index]
core/quality_gate/phase_truth_verifier.py:52: error: Need type annotation for "results" (hint: "results: dict[<type>, <type>] = ...")  [var-annotated]
tests/test_w7_gap_fill.py:76: error: Incompatible default for argument "content" (default has type "None", argument has type "str")  [assignment]
tests/test_w7_gap_fill.py:76: note: PEP 484 prohibits implicit Optional. Accordingly, mypy has changed its default to no_implicit_optional=True
tests/test_w7_gap_fill.py:76: note: Use https://github.com/hauntsaninja/no_implicit_optional to automatically upgrade your codebase
tests/test_w7_gap_fill.py:171: error: Incompatible default for argument "content" (default has type "None", argument has type "str")  [assignment]
tests/test_w7_gap_fill.py:171: note: PEP 484 prohibits implicit Optional. Accordingly, mypy has changed its default to no_implicit_optional=True
tests/test_w7_gap_fill.py:171: note: Use https://github.com/hauntsaninja/no_implicit_optional to automatically upgrade your codebase
tests/test_w7_gap_fill.py:293: error: Incompatible default for argument "content" (default has type "None", argument has type "str")  [assignment]
tests/test_w7_gap_fill.py:293: note: PEP 484 prohibits implicit Optional. Accordingly, mypy has changed its default to no_implicit_optional=True
tests/test_w7_gap_fill.py:293: note: Use https://github.com/hauntsaninja/no_implicit_optional to automatically upgrade your codebase
Found 115 errors in 36 files (checked 115 source files)
